
Fetching XAU500.raw...
  Loaded 8843 bars (2025-01-09 to 2026-07-10)
  Split: 7074 bars IS + 1769 bars OOS

============================================================
Profile D — XAU500.raw (MR=NO)
  IS: 7074 bars (2025-01-09 to 2026-03-24)
  OOS: 1769 bars (2026-03-24 to 2026-07-10)
  EMA grid: [(10, 40), (12, 48)]  SL=[1.5, 2.0]  RR=[2.0, 2.5, 5.0]  ADX=[25, 28]
============================================================

============================================================
  BACKTEST RESULTS
============================================================
  Period:           2025-01-09 to 2026-03-24
  Total Trades:     692
  Win Rate:         34.0%
  Profit Factor:    1.12
  Total Return:     $+992.70
  Max Drawdown:     $528.03
  Sharpe (ann):     0.49
  Calmar Ratio:     1.88
  Avg Win:          $40.69
  Avg Loss:         $18.75

  Per-Regime Breakdown:
    ranging     : 22 trades, 23% WR, $-89.48 PnL
    strong_trend: 563 trades, 36% WR, $+1241.46 PnL
    uncertain   : 100 trades, 22% WR, $-227.67 PnL
    weak_trend  : 7 trades, 71% WR, $+68.39 PnL

  Exit Reasons:
    CHANDELIER     : 2
    REVERSAL       : 13
    SCALE_OUT      : 62
    SL             : 439
    TP             : 176

============================================================
  BACKTEST RESULTS
============================================================
  Period:           2025-01-09 to 2026-03-24
  Total Trades:     611
  Win Rate:         34.7%
  Profit Factor:    1.10
  Total Return:     $+791.32
  Max Drawdown:     $497.15
  Sharpe (ann):     0.45
  Calmar Ratio:     1.59
  Avg Win:          $39.96
  Avg Loss:         $19.25

  Per-Regime Breakdown:
    ranging     : 18 trades, 39% WR, $+28.88 PnL
    strong_trend: 506 trades, 37% WR, $+1058.64 PnL
    uncertain   : 82 trades, 21% WR, $-278.49 PnL
    weak_trend  : 5 trades, 20% WR, $-17.70 PnL

  Exit Reasons:
    CHANDELIER     : 2
    REVERSAL       : 4
    SCALE_OUT      : 57
    SL             : 394
    TP             : 154
  [2/2] best so far: score=930.9
  #1: EMA10/40 PF=1.12 Ret=$+992.7 DD=$528.0 n=692 WR=34.0% score=930.9
  #2: EMA12/48 PF=1.10 Ret=$+791.3 DD=$497.2 n=611 WR=34.7% score=708.4

============================================================
Phase 2 — SL/RR/ADX refinement for XAU500.raw
============================================================

============================================================
  BACKTEST RESULTS
============================================================
  Period:           2025-01-09 to 2026-03-24
  Total Trades:     692
  Win Rate:         34.0%
  Profit Factor:    1.12
  Total Return:     $+992.70
  Max Drawdown:     $528.03
  Sharpe (ann):     0.49
  Calmar Ratio:     1.88
  Avg Win:          $40.69
  Avg Loss:         $18.75

  Per-Regime Breakdown:
    ranging     : 22 trades, 23% WR, $-89.48 PnL
    strong_trend: 563 trades, 36% WR, $+1241.46 PnL
    uncertain   : 100 trades, 22% WR, $-227.67 PnL
    weak_trend  : 7 trades, 71% WR, $+68.39 PnL

  Exit Reasons:
    CHANDELIER     : 2
    REVERSAL       : 13
    SCALE_OUT      : 62
    SL             : 439
    TP             : 176

============================================================
  BACKTEST RESULTS
============================================================
  Period:           2025-01-09 to 2026-03-24
  Total Trades:     692
  Win Rate:         34.0%
  Profit Factor:    1.12
  Total Return:     $+992.70
  Max Drawdown:     $528.03
  Sharpe (ann):     0.49
  Calmar Ratio:     1.88
  Avg Win:          $40.69
  Avg Loss:         $18.75

  Per-Regime Breakdown:
    ranging     : 22 trades, 23% WR, $-89.48 PnL
    strong_trend: 563 trades, 36% WR, $+1241.46 PnL
    uncertain   : 100 trades, 22% WR, $-227.67 PnL
    weak_trend  : 7 trades, 71% WR, $+68.39 PnL

  Exit Reasons:
    CHANDELIER     : 2
    REVERSAL       : 13
    SCALE_OUT      : 62
    SL             : 439
    TP             : 176

============================================================
  BACKTEST RESULTS
============================================================
  Period:           2025-01-09 to 2026-03-24
  Total Trades:     763
  Win Rate:         35.4%
  Profit Factor:    1.15
  Total Return:     $+1277.70
  Max Drawdown:     $528.03
  Sharpe (ann):     0.59
  Calmar Ratio:     2.42
  Avg Win:          $36.26
  Avg Loss:         $17.27

  Per-Regime Breakdown:
    ranging     : 24 trades, 29% WR, $-100.32 PnL
    strong_trend: 619 trades, 38% WR, $+1448.11 PnL
    uncertain   : 112 trades, 22% WR, $-141.81 PnL
    weak_trend  : 8 trades, 62% WR, $+71.73 PnL

  Exit Reasons:
    CHANDELIER     : 7
    REVERSAL       : 13
    SCALE_OUT      : 145
    SL             : 475
    TP             : 123

============================================================
  BACKTEST RESULTS
============================================================
  Period:           2025-01-09 to 2026-03-24
  Total Trades:     478
  Win Rate:         29.5%
  Profit Factor:    0.99
  Total Return:     $-98.02
  Max Drawdown:     $645.79
  Sharpe (ann):     -0.07
  Calmar Ratio:     0.15
  Avg Win:          $48.30
  Avg Loss:         $20.50

  Per-Regime Breakdown:
    ranging     : 6 trades, 50% WR, $+78.99 PnL
    strong_trend: 386 trades, 31% WR, $+101.99 PnL
    uncertain   : 84 trades, 20% WR, $-247.47 PnL
    weak_trend  : 2 trades, 0% WR, $-31.54 PnL

  Exit Reasons:
    REVERSAL       : 6
    SL             : 335
    TP             : 137

============================================================
  BACKTEST RESULTS
============================================================
  Period:           2025-01-09 to 2026-03-24
  Total Trades:     478
  Win Rate:         29.5%
  Profit Factor:    0.99
  Total Return:     $-98.02
  Max Drawdown:     $645.79
  Sharpe (ann):     -0.07
  Calmar Ratio:     0.15
  Avg Win:          $48.30
  Avg Loss:         $20.50

  Per-Regime Breakdown:
    ranging     : 6 trades, 50% WR, $+78.99 PnL
    strong_trend: 386 trades, 31% WR, $+101.99 PnL
    uncertain   : 84 trades, 20% WR, $-247.47 PnL
    weak_trend  : 2 trades, 0% WR, $-31.54 PnL

  Exit Reasons:
    REVERSAL       : 6
    SL             : 335
    TP             : 137

============================================================
  BACKTEST RESULTS
============================================================
  Period:           2025-01-09 to 2026-03-24
  Total Trades:     478
  Win Rate:         29.5%
  Profit Factor:    0.99
  Total Return:     $-98.02
  Max Drawdown:     $645.79
  Sharpe (ann):     -0.07
  Calmar Ratio:     0.15
  Avg Win:          $48.30
  Avg Loss:         $20.50

  Per-Regime Breakdown:
    ranging     : 6 trades, 50% WR, $+78.99 PnL
    strong_trend: 386 trades, 31% WR, $+101.99 PnL
    uncertain   : 84 trades, 20% WR, $-247.47 PnL
    weak_trend  : 2 trades, 0% WR, $-31.54 PnL

  Exit Reasons:
    REVERSAL       : 6
    SL             : 335
    TP             : 137

============================================================
  BACKTEST RESULTS
============================================================
  Period:           2025-01-09 to 2026-03-24
  Total Trades:     692
  Win Rate:         34.0%
  Profit Factor:    1.12
  Total Return:     $+992.70
  Max Drawdown:     $528.03
  Sharpe (ann):     0.49
  Calmar Ratio:     1.88
  Avg Win:          $40.69
  Avg Loss:         $18.75

  Per-Regime Breakdown:
    ranging     : 22 trades, 23% WR, $-89.48 PnL
    strong_trend: 563 trades, 36% WR, $+1241.46 PnL
    uncertain   : 100 trades, 22% WR, $-227.67 PnL
    weak_trend  : 7 trades, 71% WR, $+68.39 PnL

  Exit Reasons:
    CHANDELIER     : 2
    REVERSAL       : 13
    SCALE_OUT      : 62
    SL             : 439
    TP             : 176

============================================================
  BACKTEST RESULTS
============================================================
  Period:           2025-01-09 to 2026-03-24
  Total Trades:     501
  Win Rate:         32.5%
  Profit Factor:    1.11
  Total Return:     $+670.88
  Max Drawdown:     $553.97
  Sharpe (ann):     0.37
  Calmar Ratio:     1.21
  Avg Win:          $41.44
  Avg Loss:         $18.00

  Per-Regime Breakdown:
    ranging     : 21 trades, 24% WR, $-88.47 PnL
    strong_trend: 360 trades, 35% WR, $+944.71 PnL
    uncertain   : 116 trades, 23% WR, $-247.41 PnL
    weak_trend  : 4 trades, 100% WR, $+62.04 PnL

  Exit Reasons:
    CHANDELIER     : 2
    REVERSAL       : 7
    SCALE_OUT      : 44
    SL             : 323
    TP             : 125

============================================================
  BACKTEST RESULTS
============================================================
  Period:           2025-01-09 to 2026-03-24
  Total Trades:     611
  Win Rate:         34.7%
  Profit Factor:    1.10
  Total Return:     $+791.32
  Max Drawdown:     $497.15
  Sharpe (ann):     0.45
  Calmar Ratio:     1.59
  Avg Win:          $39.96
  Avg Loss:         $19.25

  Per-Regime Breakdown:
    ranging     : 18 trades, 39% WR, $+28.88 PnL
    strong_trend: 506 trades, 37% WR, $+1058.64 PnL
    uncertain   : 82 trades, 21% WR, $-278.49 PnL
    weak_trend  : 5 trades, 20% WR, $-17.70 PnL

  Exit Reasons:
    CHANDELIER     : 2
    REVERSAL       : 4
    SCALE_OUT      : 57
    SL             : 394
    TP             : 154

============================================================
  BACKTEST RESULTS
============================================================
  Period:           2025-01-09 to 2026-03-24
  Total Trades:     611
  Win Rate:         34.7%
  Profit Factor:    1.10
  Total Return:     $+791.32
  Max Drawdown:     $497.15
  Sharpe (ann):     0.45
  Calmar Ratio:     1.59
  Avg Win:          $39.96
  Avg Loss:         $19.25

  Per-Regime Breakdown:
    ranging     : 18 trades, 39% WR, $+28.88 PnL
    strong_trend: 506 trades, 37% WR, $+1058.64 PnL
    uncertain   : 82 trades, 21% WR, $-278.49 PnL
    weak_trend  : 5 trades, 20% WR, $-17.70 PnL

  Exit Reasons:
    CHANDELIER     : 2
    REVERSAL       : 4
    SCALE_OUT      : 57
    SL             : 394
    TP             : 154

============================================================
  BACKTEST RESULTS
============================================================
  Period:           2025-01-09 to 2026-03-24
  Total Trades:     696
  Win Rate:         37.1%
  Profit Factor:    1.20
  Total Return:     $+1579.25
  Max Drawdown:     $291.46
  Sharpe (ann):     0.81
  Calmar Ratio:     5.42
  Avg Win:          $36.34
  Avg Loss:         $17.80

  Per-Regime Breakdown:
    ranging     : 19 trades, 37% WR, $+15.83 PnL
    strong_trend: 575 trades, 40% WR, $+1926.93 PnL
    uncertain   : 96 trades, 20% WR, $-334.93 PnL
    weak_trend  : 6 trades, 17% WR, $-28.57 PnL

  Exit Reasons:
    CHANDELIER     : 9
    REVERSAL       : 5
    SCALE_OUT      : 139
    SL             : 427
    TP             : 116

============================================================
  BACKTEST RESULTS
============================================================
  Period:           2025-01-09 to 2026-03-24
  Total Trades:     629
  Win Rate:         30.0%
  Profit Factor:    1.10
  Total Return:     $+908.85
  Max Drawdown:     $706.36
  Sharpe (ann):     0.50
  Calmar Ratio:     1.29
  Avg Win:          $54.09
  Avg Loss:         $21.17

  Per-Regime Breakdown:
    ranging     : 15 trades, 13% WR, $-145.12 PnL
    strong_trend: 529 trades, 32% WR, $+1455.11 PnL
    uncertain   : 80 trades, 20% WR, $-313.02 PnL
    weak_trend  : 5 trades, 0% WR, $-88.12 PnL

  Exit Reasons:
    REVERSAL       : 2
    SL             : 438
    TP             : 189

============================================================
  BACKTEST RESULTS
============================================================
  Period:           2025-01-09 to 2026-03-24
  Total Trades:     629
  Win Rate:         30.0%
  Profit Factor:    1.10
  Total Return:     $+908.85
  Max Drawdown:     $706.36
  Sharpe (ann):     0.50
  Calmar Ratio:     1.29
  Avg Win:          $54.09
  Avg Loss:         $21.17

  Per-Regime Breakdown:
    ranging     : 15 trades, 13% WR, $-145.12 PnL
    strong_trend: 529 trades, 32% WR, $+1455.11 PnL
    uncertain   : 80 trades, 20% WR, $-313.02 PnL
    weak_trend  : 5 trades, 0% WR, $-88.12 PnL

  Exit Reasons:
    REVERSAL       : 2
    SL             : 438
    TP             : 189

============================================================
  BACKTEST RESULTS
============================================================
  Period:           2025-01-09 to 2026-03-24
  Total Trades:     629
  Win Rate:         30.0%
  Profit Factor:    1.10
  Total Return:     $+908.85
  Max Drawdown:     $706.36
  Sharpe (ann):     0.50
  Calmar Ratio:     1.29
  Avg Win:          $54.09
  Avg Loss:         $21.17

  Per-Regime Breakdown:
    ranging     : 15 trades, 13% WR, $-145.12 PnL
    strong_trend: 529 trades, 32% WR, $+1455.11 PnL
    uncertain   : 80 trades, 20% WR, $-313.02 PnL
    weak_trend  : 5 trades, 0% WR, $-88.12 PnL

  Exit Reasons:
    REVERSAL       : 2
    SL             : 438
    TP             : 189

============================================================
  BACKTEST RESULTS
============================================================
  Period:           2025-01-09 to 2026-03-24
  Total Trades:     611
  Win Rate:         34.7%
  Profit Factor:    1.10
  Total Return:     $+791.32
  Max Drawdown:     $497.15
  Sharpe (ann):     0.45
  Calmar Ratio:     1.59
  Avg Win:          $39.96
  Avg Loss:         $19.25

  Per-Regime Breakdown:
    ranging     : 18 trades, 39% WR, $+28.88 PnL
    strong_trend: 506 trades, 37% WR, $+1058.64 PnL
    uncertain   : 82 trades, 21% WR, $-278.49 PnL
    weak_trend  : 5 trades, 20% WR, $-17.70 PnL

  Exit Reasons:
    CHANDELIER     : 2
    REVERSAL       : 4
    SCALE_OUT      : 57
    SL             : 394
    TP             : 154

============================================================
  BACKTEST RESULTS
============================================================
  Period:           2025-01-09 to 2026-03-24
  Total Trades:     528
  Win Rate:         33.9%
  Profit Factor:    1.08
  Total Return:     $+521.55
  Max Drawdown:     $368.86
  Sharpe (ann):     0.33
  Calmar Ratio:     1.41
  Avg Win:          $38.17
  Avg Loss:         $18.08

  Per-Regime Breakdown:
    ranging     : 18 trades, 39% WR, $+1.86 PnL
    strong_trend: 405 trades, 37% WR, $+751.86 PnL
    uncertain   : 105 trades, 21% WR, $-232.17 PnL

  Exit Reasons:
    CHANDELIER     : 2
    REVERSAL       : 4
    SCALE_OUT      : 53
    SL             : 339
    TP             : 130

  BEST for XAU500.raw (IS):
    EMA12/48 SL=1.5 RR=5.0 ADX=25
    PF=1.20 Ret=$+1579.3 DD=$291.5 n=696 score=2063.1

============================================================
  BACKTEST RESULTS
============================================================
  Period:           2026-03-24 to 2026-07-10
  Total Trades:     74
  Win Rate:         25.7%
  Profit Factor:    0.47
  Total Return:     $-724.42
  Max Drawdown:     $830.65
  Sharpe (ann):     -2.19
  Calmar Ratio:     0.87
  Avg Win:          $34.15
  Avg Loss:         $24.97

  Per-Regime Breakdown:
    strong_trend: 55 trades, 22% WR, $-682.58 PnL
    uncertain   : 19 trades, 37% WR, $-41.84 PnL

  Exit Reasons:
    CHANDELIER     : 3
    REVERSAL       : 1
    SCALE_OUT      : 14
    SL             : 50
    TP             : 6

  OOS Validation:
    EMA12/48 SL=1.5 RR=5.0 ADX=25
    PF=0.47 Ret=$-724.4 DD=$830.6 n=74 WR=25.7%
    Degradation: 122%  Final score: 206.3
